// Jest Snapshot v1, https://goo.gl/fbAQLP

exports[`Card should render correctly 1`] = `
<View
  style={
    Object {
      "padding": 4,
      "width": "33.3%",
    }
  }
  testID="card"
>
  <View
    style={
      Object {
        "alignItems": "center",
        "borderColor": "#CCCCCC",
        "borderRadius": 5,
        "borderWidth": 1,
        "justifyContent": "center",
        "padding": 8,
      }
    }
  >
    <Text
      style={
        Array [
          Object {
            "color": "#333333",
            "fontFamily": "Roboto-Regular",
            "fontSize": 14,
          },
          Object {
            "marginBottom": 4,
          },
        ]
      }
    >
      Name
    </Text>
    <View
      accessible={true}
      focusable={true}
      onClick={[Function]}
      onResponderGrant={[Function]}
      onResponderMove={[Function]}
      onResponderRelease={[Function]}
      onResponderTerminate={[Function]}
      onResponderTerminationRequest={[Function]}
      onStartShouldSetResponder={[Function]}
      style={
        Object {
          "alignItems": "center",
          "backgroundColor": "#FECA1B",
          "borderRadius": 5,
          "height": 35,
          "justifyContent": "center",
          "opacity": 1,
          "paddingHorizontal": 16,
        }
      }
      testID="button"
    >
      <Text
        style={
          Array [
            Object {
              "color": "#333333",
              "fontFamily": "Roboto-Regular",
              "fontSize": 14,
            },
            undefined,
          ]
        }
      >
        detalhes
      </Text>
    </View>
  </View>
</View>
`;
